#
# There is insufficient memory for the Java Runtime Environment to continue.
# Native memory allocation (malloc) failed to allocate 224256 bytes for Chunk::new
# Possible reasons:
#   The system is out of physical RAM or swap space
#   The process is running with CompressedOops enabled, and the Java Heap may be blocking the growth of the native heap
# Possible solutions:
#   Reduce memory load on the system
#   Increase physical memory or swap space
#   Check if swap backing store is full
#   Decrease Java heap size (-Xmx/-Xms)
#   Decrease number of Java threads
#   Decrease Java thread stack sizes (-Xss)
#   Set larger code cache with -XX:ReservedCodeCacheSize=
#   JVM is running with Zero Based Compressed Oops mode in which the Java heap is
#     placed in the first 32GB address space. The Java Heap base address is the
#     maximum limit for the native heap growth. Please use -XX:HeapBaseMinAddress
#     to set the Java Heap base and to place the Java Heap above 32GB virtual address.
# This output file may be truncated or incomplete.
#
#  Out of Memory Error (arena.cpp:168), pid=15736, tid=23964
#
# JRE version: Java(TM) SE Runtime Environment (21.0.5+9) (build 21.0.5+9-LTS-239)
# Java VM: Java HotSpot(TM) 64-Bit Server VM (21.0.5+9-LTS-239, mixed mode, sharing, tiered, compressed oops, compressed class ptrs, g1 gc, windows-amd64)
# No core dump will be written. Minidumps are not enabled by default on client versions of Windows
#

---------------  S U M M A R Y ------------

Command Line: -javaagent:G:\Programs\CODE\Intellij2024.3\intellij2024\lib\idea_rt.jar=53469:G:\Programs\CODE\Intellij2024.3\intellij2024\bin -Dfile.encoding=UTF-8 -Dsun.stdout.encoding=UTF-8 -Dsun.stderr.encoding=UTF-8 org.example.Main

Host: Intel(R) Core(TM) i7-7700K CPU @ 4.20GHz, 8 cores, 63G,  Windows 10 , 64 bit Build 19041 (10.0.19041.1151)
Time: Sat Apr  5 06:28:18 2025  Windows 10 , 64 bit Build 19041 (10.0.19041.1151) elapsed time: 444.736275 seconds (0d 0h 7m 24s)

---------------  T H R E A D  ---------------

Current thread (0x000001deaf6b1000):  JavaThread "C2 CompilerThread0" daemon [_thread_in_native, id=23964, stack(0x000000d767f00000,0x000000d768000000) (1024K)]


Current CompileTask:
C2: 444736 2597  s    4       com.sun.media.sound.JDK13Services::getDefaultProvider (117 bytes)

Stack: [0x000000d767f00000,0x000000d768000000]
Native frames: (J=compiled Java code, j=interpreted, Vv=VM code, C=native code)
V  [jvm.dll+0x6ca289]
V  [jvm.dll+0x854a51]
V  [jvm.dll+0x856f7e]
V  [jvm.dll+0x857653]
V  [jvm.dll+0x27dd26]
V  [jvm.dll+0xc4c2d]
V  [jvm.dll+0xc5163]
V  [jvm.dll+0x2f0ccd]
V  [jvm.dll+0x5f4ffa]
V  [jvm.dll+0x24f882]
V  [jvm.dll+0x247fae]
V  [jvm.dll+0x245de4]
V  [jvm.dll+0x1c6d0e]
V  [jvm.dll+0x2554d9]
V  [jvm.dll+0x253a6a]
V  [jvm.dll+0x3ee136]
V  [jvm.dll+0x7fee9b]
V  [jvm.dll+0x6c896d]
C  [ucrtbase.dll+0x21bb2]
C  [KERNEL32.DLL+0x17034]
C  [ntdll.dll+0x52651]


---------------  P R O C E S S  ---------------

Threads class SMR info:
_java_thread_list=0x000001defcf74fd0, length=24, elements={
0x000001deaf6a3f60, 0x000001deaf6a4bb0, 0x000001deaf6a6810, 0x000001deaf6a7460,
0x000001deaf6a9fc0, 0x000001deaf6aad70, 0x000001deaf6b1000, 0x000001deaf6b1a90,
0x000001deaf672ed0, 0x000001def32301d0, 0x000001def3230830, 0x000001def32d9de0,
0x000001de81d75200, 0x000001def378e090, 0x000001def387c620, 0x000001def3732080,
0x000001defcc62350, 0x000001defc881950, 0x000001defc68b230, 0x000001defc683740,
0x000001defc681670, 0x000001defc681d00, 0x000001defc680fe0, 0x000001defc682a20
}

Java Threads: ( => current thread )
  0x000001deaf6a3f60 JavaThread "Reference Handler"          daemon [_thread_blocked, id=54688, stack(0x000000d767900000,0x000000d767a00000) (1024K)]
  0x000001deaf6a4bb0 JavaThread "Finalizer"                  daemon [_thread_blocked, id=27760, stack(0x000000d767a00000,0x000000d767b00000) (1024K)]
  0x000001deaf6a6810 JavaThread "Signal Dispatcher"          daemon [_thread_blocked, id=29724, stack(0x000000d767b00000,0x000000d767c00000) (1024K)]
  0x000001deaf6a7460 JavaThread "Attach Listener"            daemon [_thread_blocked, id=38364, stack(0x000000d767c00000,0x000000d767d00000) (1024K)]
  0x000001deaf6a9fc0 JavaThread "Service Thread"             daemon [_thread_blocked, id=51044, stack(0x000000d767d00000,0x000000d767e00000) (1024K)]
  0x000001deaf6aad70 JavaThread "Monitor Deflation Thread"   daemon [_thread_blocked, id=57664, stack(0x000000d767e00000,0x000000d767f00000) (1024K)]
=>0x000001deaf6b1000 JavaThread "C2 CompilerThread0"         daemon [_thread_in_native, id=23964, stack(0x000000d767f00000,0x000000d768000000) (1024K)]
  0x000001deaf6b1a90 JavaThread "C1 CompilerThread0"         daemon [_thread_blocked, id=57788, stack(0x000000d768000000,0x000000d768100000) (1024K)]
  0x000001deaf672ed0 JavaThread "Common-Cleaner"             daemon [_thread_blocked, id=18580, stack(0x000000d768100000,0x000000d768200000) (1024K)]
  0x000001def32301d0 JavaThread "Monitor Ctrl-Break"         daemon [_thread_in_native, id=36640, stack(0x000000d768200000,0x000000d768300000) (1024K)]
  0x000001def3230830 JavaThread "Notification Thread"        daemon [_thread_blocked, id=2164, stack(0x000000d768300000,0x000000d768400000) (1024K)]
  0x000001def32d9de0 JavaThread "Thread-0"                          [_thread_blocked, id=48124, stack(0x000000d768400000,0x000000d768500000) (1024K)]
  0x000001de81d75200 JavaThread "DestroyJavaVM"                     [_thread_blocked, id=10120, stack(0x000000d767100000,0x000000d767200000) (1024K)]
  0x000001def378e090 JavaThread "Java2D Disposer"            daemon [_thread_blocked, id=14212, stack(0x000000d768700000,0x000000d768800000) (1024K)]
  0x000001def387c620 JavaThread "AWT-Shutdown"                      [_thread_blocked, id=33372, stack(0x000000d768800000,0x000000d768900000) (1024K)]
  0x000001def3732080 JavaThread "AWT-Windows"                daemon [_thread_in_native, id=20424, stack(0x000000d768900000,0x000000d768a00000) (1024K)]
  0x000001defcc62350 JavaThread "RMI TCP Accept-0"           daemon [_thread_in_native, id=4332, stack(0x000000d768d00000,0x000000d768e00000) (1024K)]
  0x000001defc881950 JavaThread "AWT-EventQueue-0"                  [_thread_blocked, id=52072, stack(0x000000d768e00000,0x000000d768f00000) (1024K)]
  0x000001defc68b230 JavaThread "RMI TCP Connection(1)-26.102.26.180" daemon [_thread_in_native, id=47720, stack(0x000000d768f00000,0x000000d769000000) (1024K)]
  0x000001defc683740 JavaThread "RMI Scheduler(0)"           daemon [_thread_blocked, id=48392, stack(0x000000d769000000,0x000000d769100000) (1024K)]
  0x000001defc681670 JavaThread "JMX server connection timeout 34" daemon [_thread_blocked, id=53504, stack(0x000000d769100000,0x000000d769200000) (1024K)]
  0x000001defc681d00 JavaThread "Thread-1"                          [_thread_blocked, id=60240, stack(0x000000d769200000,0x000000d769300000) (1024K)]
  0x000001defc680fe0 JavaThread "D3D Screen Updater"         daemon [_thread_blocked, id=21292, stack(0x000000d769500000,0x000000d769600000) (1024K)]
  0x000001defc682a20 JavaThread "Java Sound Event Dispatcher" daemon [_thread_blocked, id=16772, stack(0x000000d768500000,0x000000d768600000) (1024K)]
Total: 24

Other Threads:
  0x000001deaf684550 VMThread "VM Thread"                           [id=8988, stack(0x000000d767800000,0x000000d767900000) (1024K)]
  0x000001deaf671fd0 WatcherThread "VM Periodic Task Thread"        [id=59916, stack(0x000000d767700000,0x000000d767800000) (1024K)]
  0x000001deaf530010 WorkerThread "GC Thread#0"                     [id=33712, stack(0x000000d767200000,0x000000d767300000) (1024K)]
  0x000001def36e6bb0 WorkerThread "GC Thread#1"                     [id=32780, stack(0x000000d766e00000,0x000000d766f00000) (1024K)]
  0x000001defcde9830 WorkerThread "GC Thread#2"                     [id=47864, stack(0x000000d766f00000,0x000000d767000000) (1024K)]
  0x000001defcde9bd0 WorkerThread "GC Thread#3"                     [id=20036, stack(0x000000d768600000,0x000000d768700000) (1024K)]
  0x000001def33c0d40 WorkerThread "GC Thread#4"                     [id=35868, stack(0x000000d768b00000,0x000000d768c00000) (1024K)]
  0x000001def33c10e0 WorkerThread "GC Thread#5"                     [id=52868, stack(0x000000d769700000,0x000000d769800000) (1024K)]
  0x000001def3341fe0 WorkerThread "GC Thread#6"                     [id=26372, stack(0x000000d769800000,0x000000d769900000) (1024K)]
  0x000001def3342380 WorkerThread "GC Thread#7"                     [id=20216, stack(0x000000d769a00000,0x000000d769b00000) (1024K)]
  0x000001de81e2f860 ConcurrentGCThread "G1 Main Marker"            [id=1876, stack(0x000000d767300000,0x000000d767400000) (1024K)]
  0x000001de81e30b00 WorkerThread "G1 Conc#0"                       [id=21216, stack(0x000000d767400000,0x000000d767500000) (1024K)]
  0x000001deaf5abbb0 ConcurrentGCThread "G1 Refine#0"               [id=13896, stack(0x000000d767500000,0x000000d767600000) (1024K)]
  0x000001deaf5ac630 ConcurrentGCThread "G1 Service"                [id=31312, stack(0x000000d767600000,0x000000d767700000) (1024K)]
Total: 14

Threads with active compile tasks:
C2 CompilerThread0   444748 2597  s    4       com.sun.media.sound.JDK13Services::getDefaultProvider (117 bytes)
Total: 1

VM state: not at safepoint (normal execution)

VM Mutex/Monitor currently owned by a thread: None

Heap address: 0x0000000400800000, size: 16376 MB, Compressed Oops mode: Zero based, Oop shift amount: 3

CDS archive(s) mapped at: [0x000001deb2000000-0x000001deb2c90000-0x000001deb2c90000), size 13172736, SharedBaseAddress: 0x000001deb2000000, ArchiveRelocationMode: 1.
Compressed class space mapped at: 0x000001deb3000000-0x000001def3000000, reserved size: 1073741824
Narrow klass base: 0x000001deb2000000, Narrow klass shift: 0, Narrow klass range: 0x100000000

GC Precious Log:
 CardTable entry size: 512
 Card Set container configuration: InlinePtr #cards 4 size 8 Array Of Cards #cards 64 size 144 Howl #buckets 8 coarsen threshold 14745 Howl Bitmap #cards 2048 size 272 coarsen threshold 1843 Card regions per heap region 1 cards per card region 16384
 CPUs: 8 total, 8 available
 Memory: 65473M
 Large Page Support: Disabled
 NUMA Support: Disabled
 Compressed Oops: Enabled (Zero based)
 Heap Region Size: 8M
 Heap Min Capacity: 8M
 Heap Initial Capacity: 1G
 Heap Max Capacity: 16376M
 Pre-touch: Disabled
 Parallel Workers: 8
 Concurrent Workers: 2
 Concurrent Refinement Workers: 8
 Periodic GC: Disabled

Heap:
 garbage-first heap   total 1048576K, used 20464K [0x0000000400800000, 0x0000000800000000)
  region size 8192K, 4 young (32768K), 1 survivors (8192K)
 Metaspace       used 12993K, committed 13312K, reserved 1114112K
  class space    used 1351K, committed 1472K, reserved 1048576K

Heap Regions: E=young(eden), S=young(survivor), O=old, HS=humongous(starts), HC=humongous(continues), CS=collection set, F=free, TAMS=top-at-mark-start, PB=parsable bottom
|   0|0x0000000400800000, 0x0000000400800000, 0x0000000401000000|  0%| F|  |TAMS 0x0000000400800000| PB 0x0000000400800000| Untracked 
|   1|0x0000000401000000, 0x0000000401000000, 0x0000000401800000|  0%| F|  |TAMS 0x0000000401000000| PB 0x0000000401000000| Untracked 
|   2|0x0000000401800000, 0x0000000401800000, 0x0000000402000000|  0%| F|  |TAMS 0x0000000401800000| PB 0x0000000401800000| Untracked 
|   3|0x0000000402000000, 0x0000000402000000, 0x0000000402800000|  0%| F|  |TAMS 0x0000000402000000| PB 0x0000000402000000| Untracked 
|   4|0x0000000402800000, 0x0000000402800000, 0x0000000403000000|  0%| F|  |TAMS 0x0000000402800000| PB 0x0000000402800000| Untracked 
|   5|0x0000000403000000, 0x0000000403000000, 0x0000000403800000|  0%| F|  |TAMS 0x0000000403000000| PB 0x0000000403000000| Untracked 
|   6|0x0000000403800000, 0x0000000403800000, 0x0000000404000000|  0%| F|  |TAMS 0x0000000403800000| PB 0x0000000403800000| Untracked 
|   7|0x0000000404000000, 0x0000000404000000, 0x0000000404800000|  0%| F|  |TAMS 0x0000000404000000| PB 0x0000000404000000| Untracked 
|   8|0x0000000404800000, 0x0000000404800000, 0x0000000405000000|  0%| F|  |TAMS 0x0000000404800000| PB 0x0000000404800000| Untracked 
|   9|0x0000000405000000, 0x0000000405000000, 0x0000000405800000|  0%| F|  |TAMS 0x0000000405000000| PB 0x0000000405000000| Untracked 
|  10|0x0000000405800000, 0x0000000405800000, 0x0000000406000000|  0%| F|  |TAMS 0x0000000405800000| PB 0x0000000405800000| Untracked 
|  11|0x0000000406000000, 0x0000000406000000, 0x0000000406800000|  0%| F|  |TAMS 0x0000000406000000| PB 0x0000000406000000| Untracked 
|  12|0x0000000406800000, 0x0000000406800000, 0x0000000407000000|  0%| F|  |TAMS 0x0000000406800000| PB 0x0000000406800000| Untracked 
|  13|0x0000000407000000, 0x0000000407000000, 0x0000000407800000|  0%| F|  |TAMS 0x0000000407000000| PB 0x0000000407000000| Untracked 
|  14|0x0000000407800000, 0x0000000407800000, 0x0000000408000000|  0%| F|  |TAMS 0x0000000407800000| PB 0x0000000407800000| Untracked 
|  15|0x0000000408000000, 0x0000000408000000, 0x0000000408800000|  0%| F|  |TAMS 0x0000000408000000| PB 0x0000000408000000| Untracked 
|  16|0x0000000408800000, 0x0000000408800000, 0x0000000409000000|  0%| F|  |TAMS 0x0000000408800000| PB 0x0000000408800000| Untracked 
|  17|0x0000000409000000, 0x0000000409000000, 0x0000000409800000|  0%| F|  |TAMS 0x0000000409000000| PB 0x0000000409000000| Untracked 
|  18|0x0000000409800000, 0x0000000409800000, 0x000000040a000000|  0%| F|  |TAMS 0x0000000409800000| PB 0x0000000409800000| Untracked 
|  19|0x000000040a000000, 0x000000040a000000, 0x000000040a800000|  0%| F|  |TAMS 0x000000040a000000| PB 0x000000040a000000| Untracked 
|  20|0x000000040a800000, 0x000000040a800000, 0x000000040b000000|  0%| F|  |TAMS 0x000000040a800000| PB 0x000000040a800000| Untracked 
|  21|0x000000040b000000, 0x000000040b000000, 0x000000040b800000|  0%| F|  |TAMS 0x000000040b000000| PB 0x000000040b000000| Untracked 
|  22|0x000000040b800000, 0x000000040b800000, 0x000000040c000000|  0%| F|  |TAMS 0x000000040b800000| PB 0x000000040b800000| Untracked 
|  23|0x000000040c000000, 0x000000040c000000, 0x000000040c800000|  0%| F|  |TAMS 0x000000040c000000| PB 0x000000040c000000| Untracked 
|  24|0x000000040c800000, 0x000000040c800000, 0x000000040d000000|  0%| F|  |TAMS 0x000000040c800000| PB 0x000000040c800000| Untracked 
|  25|0x000000040d000000, 0x000000040d000000, 0x000000040d800000|  0%| F|  |TAMS 0x000000040d000000| PB 0x000000040d000000| Untracked 
|  26|0x000000040d800000, 0x000000040d800000, 0x000000040e000000|  0%| F|  |TAMS 0x000000040d800000| PB 0x000000040d800000| Untracked 
|  27|0x000000040e000000, 0x000000040e000000, 0x000000040e800000|  0%| F|  |TAMS 0x000000040e000000| PB 0x000000040e000000| Untracked 
|  28|0x000000040e800000, 0x000000040e800000, 0x000000040f000000|  0%| F|  |TAMS 0x000000040e800000| PB 0x000000040e800000| Untracked 
|  29|0x000000040f000000, 0x000000040f000000, 0x000000040f800000|  0%| F|  |TAMS 0x000000040f000000| PB 0x000000040f000000| Untracked 
|  30|0x000000040f800000, 0x000000040f800000, 0x0000000410000000|  0%| F|  |TAMS 0x000000040f800000| PB 0x000000040f800000| Untracked 
|  31|0x0000000410000000, 0x0000000410000000, 0x0000000410800000|  0%| F|  |TAMS 0x0000000410000000| PB 0x0000000410000000| Untracked 
|  32|0x0000000410800000, 0x0000000410800000, 0x0000000411000000|  0%| F|  |TAMS 0x0000000410800000| PB 0x0000000410800000| Untracked 
|  33|0x0000000411000000, 0x0000000411000000, 0x0000000411800000|  0%| F|  |TAMS 0x0000000411000000| PB 0x0000000411000000| Untracked 
|  34|0x0000000411800000, 0x0000000411800000, 0x0000000412000000|  0%| F|  |TAMS 0x0000000411800000| PB 0x0000000411800000| Untracked 
|  35|0x0000000412000000, 0x0000000412000000, 0x0000000412800000|  0%| F|  |TAMS 0x0000000412000000| PB 0x0000000412000000| Untracked 
|  36|0x0000000412800000, 0x0000000412800000, 0x0000000413000000|  0%| F|  |TAMS 0x0000000412800000| PB 0x0000000412800000| Untracked 
|  37|0x0000000413000000, 0x0000000413000000, 0x0000000413800000|  0%| F|  |TAMS 0x0000000413000000| PB 0x0000000413000000| Untracked 
|  38|0x0000000413800000, 0x0000000413800000, 0x0000000414000000|  0%| F|  |TAMS 0x0000000413800000| PB 0x0000000413800000| Untracked 
|  39|0x0000000414000000, 0x0000000414000000, 0x0000000414800000|  0%| F|  |TAMS 0x0000000414000000| PB 0x0000000414000000| Untracked 
|  40|0x0000000414800000, 0x0000000414800000, 0x0000000415000000|  0%| F|  |TAMS 0x0000000414800000| PB 0x0000000414800000| Untracked 
|  41|0x0000000415000000, 0x0000000415000000, 0x0000000415800000|  0%| F|  |TAMS 0x0000000415000000| PB 0x0000000415000000| Untracked 
|  42|0x0000000415800000, 0x0000000415800000, 0x0000000416000000|  0%| F|  |TAMS 0x0000000415800000| PB 0x0000000415800000| Untracked 
|  43|0x0000000416000000, 0x0000000416000000, 0x0000000416800000|  0%| F|  |TAMS 0x0000000416000000| PB 0x0000000416000000| Untracked 
|  44|0x0000000416800000, 0x0000000416800000, 0x0000000417000000|  0%| F|  |TAMS 0x0000000416800000| PB 0x0000000416800000| Untracked 
|  45|0x0000000417000000, 0x0000000417000000, 0x0000000417800000|  0%| F|  |TAMS 0x0000000417000000| PB 0x0000000417000000| Untracked 
|  46|0x0000000417800000, 0x0000000417800000, 0x0000000418000000|  0%| F|  |TAMS 0x0000000417800000| PB 0x0000000417800000| Untracked 
|  47|0x0000000418000000, 0x0000000418000000, 0x0000000418800000|  0%| F|  |TAMS 0x0000000418000000| PB 0x0000000418000000| Untracked 
|  48|0x0000000418800000, 0x0000000418800000, 0x0000000419000000|  0%| F|  |TAMS 0x0000000418800000| PB 0x0000000418800000| Untracked 
|  49|0x0000000419000000, 0x0000000419000000, 0x0000000419800000|  0%| F|  |TAMS 0x0000000419000000| PB 0x0000000419000000| Untracked 
|  50|0x0000000419800000, 0x0000000419800000, 0x000000041a000000|  0%| F|  |TAMS 0x0000000419800000| PB 0x0000000419800000| Untracked 
|  51|0x000000041a000000, 0x000000041a000000, 0x000000041a800000|  0%| F|  |TAMS 0x000000041a000000| PB 0x000000041a000000| Untracked 
|  52|0x000000041a800000, 0x000000041a800000, 0x000000041b000000|  0%| F|  |TAMS 0x000000041a800000| PB 0x000000041a800000| Untracked 
|  53|0x000000041b000000, 0x000000041b000000, 0x000000041b800000|  0%| F|  |TAMS 0x000000041b000000| PB 0x000000041b000000| Untracked 
|  54|0x000000041b800000, 0x000000041b800000, 0x000000041c000000|  0%| F|  |TAMS 0x000000041b800000| PB 0x000000041b800000| Untracked 
|  55|0x000000041c000000, 0x000000041c000000, 0x000000041c800000|  0%| F|  |TAMS 0x000000041c000000| PB 0x000000041c000000| Untracked 
|  56|0x000000041c800000, 0x000000041c800000, 0x000000041d000000|  0%| F|  |TAMS 0x000000041c800000| PB 0x000000041c800000| Untracked 
|  57|0x000000041d000000, 0x000000041d000000, 0x000000041d800000|  0%| F|  |TAMS 0x000000041d000000| PB 0x000000041d000000| Untracked 
|  58|0x000000041d800000, 0x000000041d800000, 0x000000041e000000|  0%| F|  |TAMS 0x000000041d800000| PB 0x000000041d800000| Untracked 
|  59|0x000000041e000000, 0x000000041e000000, 0x000000041e800000|  0%| F|  |TAMS 0x000000041e000000| PB 0x000000041e000000| Untracked 
|  60|0x000000041e800000, 0x000000041e800000, 0x000000041f000000|  0%| F|  |TAMS 0x000000041e800000| PB 0x000000041e800000| Untracked 
|  61|0x000000041f000000, 0x000000041f000000, 0x000000041f800000|  0%| F|  |TAMS 0x000000041f000000| PB 0x000000041f000000| Untracked 
|  62|0x000000041f800000, 0x000000041f800000, 0x0000000420000000|  0%| F|  |TAMS 0x000000041f800000| PB 0x000000041f800000| Untracked 
|  63|0x0000000420000000, 0x0000000420000000, 0x0000000420800000|  0%| F|  |TAMS 0x0000000420000000| PB 0x0000000420000000| Untracked 
|  64|0x0000000420800000, 0x0000000420800000, 0x0000000421000000|  0%| F|  |TAMS 0x0000000420800000| PB 0x0000000420800000| Untracked 
|  65|0x0000000421000000, 0x0000000421000000, 0x0000000421800000|  0%| F|  |TAMS 0x0000000421000000| PB 0x0000000421000000| Untracked 
|  66|0x0000000421800000, 0x0000000421800000, 0x0000000422000000|  0%| F|  |TAMS 0x0000000421800000| PB 0x0000000421800000| Untracked 
|  67|0x0000000422000000, 0x0000000422000000, 0x0000000422800000|  0%| F|  |TAMS 0x0000000422000000| PB 0x0000000422000000| Untracked 
|  68|0x0000000422800000, 0x0000000422800000, 0x0000000423000000|  0%| F|  |TAMS 0x0000000422800000| PB 0x0000000422800000| Untracked 
|  69|0x0000000423000000, 0x0000000423000000, 0x0000000423800000|  0%| F|  |TAMS 0x0000000423000000| PB 0x0000000423000000| Untracked 
|  70|0x0000000423800000, 0x0000000423800000, 0x0000000424000000|  0%| F|  |TAMS 0x0000000423800000| PB 0x0000000423800000| Untracked 
|  71|0x0000000424000000, 0x0000000424000000, 0x0000000424800000|  0%| F|  |TAMS 0x0000000424000000| PB 0x0000000424000000| Untracked 
|  72|0x0000000424800000, 0x0000000424800000, 0x0000000425000000|  0%| F|  |TAMS 0x0000000424800000| PB 0x0000000424800000| Untracked 
|  73|0x0000000425000000, 0x0000000425000000, 0x0000000425800000|  0%| F|  |TAMS 0x0000000425000000| PB 0x0000000425000000| Untracked 
|  74|0x0000000425800000, 0x0000000425800000, 0x0000000426000000|  0%| F|  |TAMS 0x0000000425800000| PB 0x0000000425800000| Untracked 
|  75|0x0000000426000000, 0x0000000426000000, 0x0000000426800000|  0%| F|  |TAMS 0x0000000426000000| PB 0x0000000426000000| Untracked 
|  76|0x0000000426800000, 0x0000000426800000, 0x0000000427000000|  0%| F|  |TAMS 0x0000000426800000| PB 0x0000000426800000| Untracked 
|  77|0x0000000427000000, 0x0000000427000000, 0x0000000427800000|  0%| F|  |TAMS 0x0000000427000000| PB 0x0000000427000000| Untracked 
|  78|0x0000000427800000, 0x0000000427800000, 0x0000000428000000|  0%| F|  |TAMS 0x0000000427800000| PB 0x0000000427800000| Untracked 
|  79|0x0000000428000000, 0x0000000428000000, 0x0000000428800000|  0%| F|  |TAMS 0x0000000428000000| PB 0x0000000428000000| Untracked 
|  80|0x0000000428800000, 0x0000000428800000, 0x0000000429000000|  0%| F|  |TAMS 0x0000000428800000| PB 0x0000000428800000| Untracked 
|  81|0x0000000429000000, 0x0000000429000000, 0x0000000429800000|  0%| F|  |TAMS 0x0000000429000000| PB 0x0000000429000000| Untracked 
|  82|0x0000000429800000, 0x0000000429800000, 0x000000042a000000|  0%| F|  |TAMS 0x0000000429800000| PB 0x0000000429800000| Untracked 
|  83|0x000000042a000000, 0x000000042a000000, 0x000000042a800000|  0%| F|  |TAMS 0x000000042a000000| PB 0x000000042a000000| Untracked 
|  84|0x000000042a800000, 0x000000042a800000, 0x000000042b000000|  0%| F|  |TAMS 0x000000042a800000| PB 0x000000042a800000| Untracked 
|  85|0x000000042b000000, 0x000000042b000000, 0x000000042b800000|  0%| F|  |TAMS 0x000000042b000000| PB 0x000000042b000000| Untracked 
|  86|0x000000042b800000, 0x000000042b800000, 0x000000042c000000|  0%| F|  |TAMS 0x000000042b800000| PB 0x000000042b800000| Untracked 
|  87|0x000000042c000000, 0x000000042c000000, 0x000000042c800000|  0%| F|  |TAMS 0x000000042c000000| PB 0x000000042c000000| Untracked 
|  88|0x000000042c800000, 0x000000042c800000, 0x000000042d000000|  0%| F|  |TAMS 0x000000042c800000| PB 0x000000042c800000| Untracked 
|  89|0x000000042d000000, 0x000000042d000000, 0x000000042d800000|  0%| F|  |TAMS 0x000000042d000000| PB 0x000000042d000000| Untracked 
|  90|0x000000042d800000, 0x000000042d800000, 0x000000042e000000|  0%| F|  |TAMS 0x000000042d800000| PB 0x000000042d800000| Untracked 
|  91|0x000000042e000000, 0x000000042e000000, 0x000000042e800000|  0%| F|  |TAMS 0x000000042e000000| PB 0x000000042e000000| Untracked 
|  92|0x000000042e800000, 0x000000042e800000, 0x000000042f000000|  0%| F|  |TAMS 0x000000042e800000| PB 0x000000042e800000| Untracked 
|  93|0x000000042f000000, 0x000000042f000000, 0x000000042f800000|  0%| F|  |TAMS 0x000000042f000000| PB 0x000000042f000000| Untracked 
|  94|0x000000042f800000, 0x000000042f800000, 0x0000000430000000|  0%| F|  |TAMS 0x000000042f800000| PB 0x000000042f800000| Untracked 
|  95|0x0000000430000000, 0x0000000430000000, 0x0000000430800000|  0%| F|  |TAMS 0x0000000430000000| PB 0x0000000430000000| Untracked 
|  96|0x0000000430800000, 0x0000000430800000, 0x0000000431000000|  0%| F|  |TAMS 0x0000000430800000| PB 0x0000000430800000| Untracked 
|  97|0x0000000431000000, 0x0000000431000000, 0x0000000431800000|  0%| F|  |TAMS 0x0000000431000000| PB 0x0000000431000000| Untracked 
|  98|0x0000000431800000, 0x0000000431800000, 0x0000000432000000|  0%| F|  |TAMS 0x0000000431800000| PB 0x0000000431800000| Untracked 
|  99|0x0000000432000000, 0x0000000432000000, 0x0000000432800000|  0%| F|  |TAMS 0x0000000432000000| PB 0x0000000432000000| Untracked 
| 100|0x0000000432800000, 0x0000000432800000, 0x0000000433000000|  0%| F|  |TAMS 0x0000000432800000| PB 0x0000000432800000| Untracked 
| 101|0x0000000433000000, 0x0000000433000000, 0x0000000433800000|  0%| F|  |TAMS 0x0000000433000000| PB 0x0000000433000000| Untracked 
| 102|0x0000000433800000, 0x0000000433800000, 0x0000000434000000|  0%| F|  |TAMS 0x0000000433800000| PB 0x0000000433800000| Untracked 
| 103|0x0000000434000000, 0x0000000434000000, 0x0000000434800000|  0%| F|  |TAMS 0x0000000434000000| PB 0x0000000434000000| Untracked 
| 104|0x0000000434800000, 0x0000000434800000, 0x0000000435000000|  0%| F|  |TAMS 0x0000000434800000| PB 0x0000000434800000| Untracked 
| 105|0x0000000435000000, 0x0000000435000000, 0x0000000435800000|  0%| F|  |TAMS 0x0000000435000000| PB 0x0000000435000000| Untracked 
| 106|0x0000000435800000, 0x0000000435800000, 0x0000000436000000|  0%| F|  |TAMS 0x0000000435800000| PB 0x0000000435800000| Untracked 
| 107|0x0000000436000000, 0x0000000436000000, 0x0000000436800000|  0%| F|  |TAMS 0x0000000436000000| PB 0x0000000436000000| Untracked 
| 108|0x0000000436800000, 0x0000000436800000, 0x0000000437000000|  0%| F|  |TAMS 0x0000000436800000| PB 0x0000000436800000| Untracked 
| 109|0x0000000437000000, 0x0000000437000000, 0x0000000437800000|  0%| F|  |TAMS 0x0000000437000000| PB 0x0000000437000000| Untracked 
| 110|0x0000000437800000, 0x0000000437800000, 0x0000000438000000|  0%| F|  |TAMS 0x0000000437800000| PB 0x0000000437800000| Untracked 
| 111|0x0000000438000000, 0x0000000438000000, 0x0000000438800000|  0%| F|  |TAMS 0x0000000438000000| PB 0x0000000438000000| Untracked 
| 112|0x0000000438800000, 0x0000000438800000, 0x0000000439000000|  0%| F|  |TAMS 0x0000000438800000| PB 0x0000000438800000| Untracked 
| 113|0x0000000439000000, 0x0000000439000000, 0x0000000439800000|  0%| F|  |TAMS 0x0000000439000000| PB 0x0000000439000000| Untracked 
| 114|0x0000000439800000, 0x0000000439800000, 0x000000043a000000|  0%| F|  |TAMS 0x0000000439800000| PB 0x0000000439800000| Untracked 
| 115|0x000000043a000000, 0x000000043a000000, 0x000000043a800000|  0%| F|  |TAMS 0x000000043a000000| PB 0x000000043a000000| Untracked 
| 116|0x000000043a800000, 0x000000043a800000, 0x000000043b000000|  0%| F|  |TAMS 0x000000043a800000| PB 0x000000043a800000| Untracked 
| 117|0x000000043b000000, 0x000000043b000000, 0x000000043b800000|  0%| F|  |TAMS 0x000000043b000000| PB 0x000000043b000000| Untracked 
| 118|0x000000043b800000, 0x000000043b800000, 0x000000043c000000|  0%| F|  |TAMS 0x000000043b800000| PB 0x000000043b800000| Untracked 
| 119|0x000000043c000000, 0x000000043c000000, 0x000000043c800000|  0%| F|  |TAMS 0x000000043c000000| PB 0x000000043c000000| Untracked 
| 120|0x000000043c800000, 0x000000043c800000, 0x000000043d000000|  0%| F|  |TAMS 0x000000043c800000| PB 0x000000043c800000| Untracked 
| 121|0x000000043d000000, 0x000000043d3fc010, 0x000000043d800000| 49%| S|CS|TAMS 0x000000043d000000| PB 0x000000043d000000| Complete 
| 122|0x000000043d800000, 0x000000043d800000, 0x000000043e000000|  0%| F|  |TAMS 0x000000043d800000| PB 0x000000043d800000| Untracked 
| 123|0x000000043e000000, 0x000000043e000000, 0x000000043e800000|  0%| F|  |TAMS 0x000000043e000000| PB 0x000000043e000000| Untracked 
| 124|0x000000043e800000, 0x000000043e800000, 0x000000043f000000|  0%| F|  |TAMS 0x000000043e800000| PB 0x000000043e800000| Untracked 
| 125|0x000000043f000000, 0x000000043f274bc8, 0x000000043f800000| 30%| E|  |TAMS 0x000000043f000000| PB 0x000000043f000000| Complete 
| 126|0x000000043f800000, 0x0000000440000000, 0x0000000440000000|100%| E|CS|TAMS 0x000000043f800000| PB 0x000000043f800000| Complete 
| 127|0x0000000440000000, 0x0000000440800000, 0x0000000440800000|100%| E|CS|TAMS 0x0000000440000000| PB 0x0000000440000000| Complete 

Card table byte_map: [0x000001de9d480000,0x000001de9f480000] _byte_map_base: 0x000001de9b47c000

Marking Bits: (CMBitMap*) 0x000001de81e1ee00
 Bits: [0x000001de9f480000, 0x000001deaf460000)

Polling page: 0x000001de81e50000

Metaspace:

Usage:
  Non-class:     11.37 MB used.
      Class:      1.32 MB used.
       Both:     12.69 MB used.

Virtual space:
  Non-class space:       64.00 MB reserved,      11.56 MB ( 18%) committed,  1 nodes.
      Class space:        1.00 GB reserved,       1.44 MB ( <1%) committed,  1 nodes.
             Both:        1.06 GB reserved,      13.00 MB (  1%) committed. 

Chunk freelists:
   Non-Class:  4.42 MB
       Class:  14.52 MB
        Both:  18.94 MB

MaxMetaspaceSize: unlimited
CompressedClassSpaceSize: 1.00 GB
Initial GC threshold: 21.00 MB
Current GC threshold: 21.00 MB
CDS: on
 - commit_granule_bytes: 65536.
 - commit_granule_words: 8192.
 - virtual_space_node_default_size: 8388608.
 - enlarge_chunks_in_place: 1.
 - use_allocation_guard: 0.


Internal statistics:

num_allocs_failed_limit: 0.
num_arena_births: 398.
num_arena_deaths: 0.
num_vsnodes_births: 2.
num_vsnodes_deaths: 0.
num_space_committed: 208.
num_space_uncommitted: 0.
num_chunks_returned_to_freelist: 0.
num_chunks_taken_from_freelist: 564.
num_chunk_merges: 0.
num_chunk_splits: 310.
num_chunks_enlarged: 84.
num_inconsistent_stats: 0.

CodeHeap 'non-profiled nmethods': size=120000Kb used=1367Kb max_used=1367Kb free=118632Kb
 bounds [0x000001de934f0000, 0x000001de93760000, 0x000001de9aa20000]
CodeHeap 'profiled nmethods': size=120000Kb used=4787Kb max_used=4787Kb free=115212Kb
 bounds [0x000001de8ba20000, 0x000001de8bed0000, 0x000001de92f50000]
CodeHeap 'non-nmethods': size=5760Kb used=1579Kb max_used=1666Kb free=4181Kb
 bounds [0x000001de92f50000, 0x000001de931c0000, 0x000001de934f0000]
 total_blobs=3237 nmethods=2596 adapters=546
 compilation: enabled
              stopped_count=0, restarted_count=0
 full_count=0

Compilation events (20 events):
Event: 432.958 Thread 0x000001deaf6b1000 nmethod 2587 0x000001de9363f210 code [0x000001de9363f3a0, 0x000001de9363f5f0]
Event: 433.457 Thread 0x000001deaf6b1000 2588       4       java.util.ServiceLoader$2::next (5 bytes)
Event: 433.458 Thread 0x000001deaf6b1000 nmethod 2588 0x000001de9363f710 code [0x000001de9363f8e0, 0x000001de9363fb30]
Event: 433.458 Thread 0x000001deaf6b1000 2589       4       java.util.ServiceLoader$3::next (90 bytes)
Event: 433.466 Thread 0x000001deaf6b1000 nmethod 2589 0x000001de9363fd90 code [0x000001de93640000, 0x000001de93640e28]
Event: 433.791 Thread 0x000001deaf6b1000 2590  s    4       java.util.Vector::elementAt (48 bytes)
Event: 433.792 Thread 0x000001deaf6b1000 nmethod 2590 0x000001de93641610 code [0x000001de936417a0, 0x000001de936419f0]
Event: 433.818 Thread 0x000001deaf6b1000 2591       4       java.util.ArrayList::add (65 bytes)
Event: 433.821 Thread 0x000001deaf6b1000 nmethod 2591 0x000001de93641b10 code [0x000001de93641ca0, 0x000001de93642030]
Event: 434.169 Thread 0x000001deaf6b1000 2592       4       com.sun.media.sound.AbstractDataLine::setStarted (66 bytes)
Event: 434.190 Thread 0x000001deaf6b1000 nmethod 2592 0x000001de93642210 code [0x000001de936424c0, 0x000001de936439c8]
Event: 434.190 Thread 0x000001deaf6b1000 2593  s!   4       java.util.Vector::clone (40 bytes)
Event: 434.193 Thread 0x000001deaf6b1000 nmethod 2593 0x000001de93644a10 code [0x000001de93644bc0, 0x000001de93645300]
Event: 436.109 Thread 0x000001deaf6b1a90 2594       3       java.io.PrintStream::ensureOpen (18 bytes)
Event: 436.109 Thread 0x000001deaf6b1a90 nmethod 2594 0x000001de8becbe10 code [0x000001de8becbfc0, 0x000001de8becc1d8]
Event: 441.121 Thread 0x000001deaf6b1000 2595       4       java.util.ArrayList::toArray (57 bytes)
Event: 441.131 Thread 0x000001deaf6b1000 nmethod 2595 0x000001de93645510 code [0x000001de936456c0, 0x000001de93645d28]
Event: 441.363 Thread 0x000001deaf6b1a90 2596       3       jdk.internal.util.ByteArray::setDouble (13 bytes)
Event: 441.363 Thread 0x000001deaf6b1a90 nmethod 2596 0x000001de8becc290 code [0x000001de8becc4a0, 0x000001de8beccb90]
Event: 444.190 Thread 0x000001deaf6b1000 2597  s    4       com.sun.media.sound.JDK13Services::getDefaultProvider (117 bytes)

GC Heap History (2 events):
Event: 244.929 GC heap before
{Heap before GC invocations=0 (full 0):
 garbage-first heap   total 1048576K, used 49152K [0x0000000400800000, 0x0000000800000000)
  region size 8192K, 6 young (49152K), 0 survivors (0K)
 Metaspace       used 12970K, committed 13312K, reserved 1114112K
  class space    used 1351K, committed 1472K, reserved 1048576K
}
Event: 244.932 GC heap after
{Heap after GC invocations=1 (full 0):
 garbage-first heap   total 1048576K, used 4080K [0x0000000400800000, 0x0000000800000000)
  region size 8192K, 1 young (8192K), 1 survivors (8192K)
 Metaspace       used 12970K, committed 13312K, reserved 1114112K
  class space    used 1351K, committed 1472K, reserved 1048576K
}

Dll operation events (16 events):
Event: 0.004 Loaded shared library C:\Program Files\Java\jdk-21\bin\java.dll
Event: 0.032 Loaded shared library C:\Program Files\Java\jdk-21\bin\jsvml.dll
Event: 0.072 Loaded shared library C:\Program Files\Java\jdk-21\bin\zip.dll
Event: 0.075 Loaded shared library C:\Program Files\Java\jdk-21\bin\instrument.dll
Event: 0.081 Loaded shared library C:\Program Files\Java\jdk-21\bin\net.dll
Event: 0.082 Loaded shared library C:\Program Files\Java\jdk-21\bin\nio.dll
Event: 0.086 Loaded shared library C:\Program Files\Java\jdk-21\bin\zip.dll
Event: 0.096 Loaded shared library G:\Programs\CODE\Intellij2024.3\intellij2024\bin\breakgen64.dll
Event: 0.107 Loaded shared library C:\Program Files\Java\jdk-21\bin\extnet.dll
Event: 0.113 Loaded shared library C:\Program Files\Java\jdk-21\bin\jimage.dll
Event: 0.117 Loaded shared library C:\Program Files\Java\jdk-21\bin\awt.dll
Event: 0.213 Loaded shared library C:\Program Files\Java\jdk-21\bin\management.dll
Event: 0.222 Loaded shared library C:\Program Files\Java\jdk-21\bin\management_ext.dll
Event: 0.475 Loaded shared library C:\Program Files\Java\jdk-21\bin\freetype.dll
Event: 0.476 Loaded shared library C:\Program Files\Java\jdk-21\bin\fontmanager.dll
Event: 0.543 Loaded shared library C:\Program Files\Java\jdk-21\bin\jsound.dll

Deoptimization events (20 events):
Event: 245.193 Thread 0x000001defc68b230 Uncommon trap: trap_request=0xffffff45 fr.pc=0x000001de935aa498 relative=0x0000000000001a38
Event: 245.193 Thread 0x000001defc68b230 Uncommon trap: reason=unstable_if action=reinterpret pc=0x000001de935aa498 method=java.lang.ref.SoftReference.get()Ljava/lang/Object; @ 17 c2
Event: 245.193 Thread 0x000001defc68b230 DEOPT PACKING pc=0x000001de935aa498 sp=0x000000d768ffe7c0
Event: 245.193 Thread 0x000001defc68b230 DEOPT UNPACKING pc=0x000001de92fa46a2 sp=0x000000d768ffe620 mode 2
Event: 300.499 Thread 0x000001defc68b230 Uncommon trap: trap_request=0xffffff45 fr.pc=0x000001de935cecac relative=0x000000000000318c
Event: 300.499 Thread 0x000001defc68b230 Uncommon trap: reason=unstable_if action=reinterpret pc=0x000001de935cecac method=java.io.ObjectStreamField.isPrimitive()Z @ 14 c2
Event: 300.499 Thread 0x000001defc68b230 DEOPT PACKING pc=0x000001de935cecac sp=0x000000d768ffe150
Event: 300.499 Thread 0x000001defc68b230 DEOPT UNPACKING pc=0x000001de92fa46a2 sp=0x000000d768ffdff8 mode 2
Event: 300.499 Thread 0x000001defc68b230 Uncommon trap: trap_request=0xffffff45 fr.pc=0x000001de935df62c relative=0x00000000000012ec
Event: 300.499 Thread 0x000001defc68b230 Uncommon trap: reason=unstable_if action=reinterpret pc=0x000001de935df62c method=java.io.ObjectStreamClass$FieldReflector.getObjFieldValues(Ljava/lang/Object;[Ljava/lang/Object;)V @ 39 c2
Event: 300.499 Thread 0x000001defc68b230 DEOPT PACKING pc=0x000001de935df62c sp=0x000000d768ffe170
Event: 300.499 Thread 0x000001defc68b230 DEOPT UNPACKING pc=0x000001de92fa46a2 sp=0x000000d768ffe030 mode 2
Event: 430.493 Thread 0x000001defc680fe0 Uncommon trap: trap_request=0xffffffdc fr.pc=0x000001de9363e930 relative=0x0000000000000270
Event: 430.493 Thread 0x000001defc680fe0 Uncommon trap: reason=class_check action=make_not_entrant pc=0x000001de9363e930 method=java.util.ArrayList.toArray([Ljava/lang/Object;)[Ljava/lang/Object; @ 21 c2
Event: 430.493 Thread 0x000001defc680fe0 DEOPT PACKING pc=0x000001de9363e930 sp=0x000000d7695ff400
Event: 430.493 Thread 0x000001defc680fe0 DEOPT UNPACKING pc=0x000001de92fa46a2 sp=0x000000d7695ff3c0 mode 2
Event: 441.363 Thread 0x000001defc68b230 Uncommon trap: trap_request=0xffffffcc fr.pc=0x000001de93645a54 relative=0x0000000000000394
Event: 441.363 Thread 0x000001defc68b230 Uncommon trap: reason=intrinsic_or_type_checked_inlining action=make_not_entrant pc=0x000001de93645a54 method=java.util.ArrayList.toArray([Ljava/lang/Object;)[Ljava/lang/Object; @ 36 c2
Event: 441.363 Thread 0x000001defc68b230 DEOPT PACKING pc=0x000001de93645a54 sp=0x000000d768ffe290
Event: 441.363 Thread 0x000001defc68b230 DEOPT UNPACKING pc=0x000001de92fa46a2 sp=0x000000d768ffe260 mode 2

Classes loaded (20 events):
Event: 0.995 Loading class javax/swing/KeyboardManager
Event: 0.996 Loading class javax/swing/KeyboardManager done
Event: 0.996 Loading class javax/swing/Popup$HeavyWeightWindow
Event: 0.996 Loading class sun/awt/ModalExclude
Event: 0.996 Loading class sun/awt/ModalExclude done
Event: 0.996 Loading class javax/swing/JWindow
Event: 0.996 Loading class javax/swing/JWindow done
Event: 0.996 Loading class javax/swing/Popup$HeavyWeightWindow done
Event: 1.068 Loading class java/lang/NumberFormatException
Event: 1.068 Loading class java/lang/NumberFormatException done
Event: 1.071 Loading class javax/management/openmbean/CompositeDataSupport
Event: 1.071 Loading class javax/management/openmbean/CompositeDataSupport done
Event: 1.072 Loading class javax/management/openmbean/OpenDataException
Event: 1.072 Loading class javax/management/openmbean/OpenDataException done
Event: 1.075 Loading class java/io/ObjectStreamException
Event: 1.075 Loading class java/io/ObjectStreamException done
Event: 140.609 Loading class jdk/internal/foreign/MemorySessionImpl
Event: 140.609 Loading class java/lang/foreign/MemorySegment$Scope
Event: 140.610 Loading class java/lang/foreign/MemorySegment$Scope done
Event: 140.610 Loading class jdk/internal/foreign/MemorySessionImpl done

Classes unloaded (0 events):
No events

Classes redefined (0 events):
No events

Internal exceptions (20 events):
Event: 0.429 Thread 0x000001def32d9de0 Exception <a 'java/lang/ClassNotFoundException'{0x000000043f27e1c0}: com/sun/swing/internal/plaf/basic/resources/spi/basicProvider> (0x000000043f27e1c0) 
thrown [s\open\src\hotspot\share\classfile\systemDictionary.cpp, line 312]
Event: 0.434 Thread 0x000001deaf6a7460 Exception <a 'java/lang/ClassNotFoundException'{0x000000043f1c5fc8}: javax/management/remote/rmi/RMIServerImpl_Skel> (0x000000043f1c5fc8) 
thrown [s\open\src\hotspot\share\classfile\systemDictionary.cpp, line 312]
Event: 0.435 Thread 0x000001def32d9de0 Implicit null exception at 0x000001de935531c0 to 0x000001de93553245
Event: 0.436 Thread 0x000001def32d9de0 Exception <a 'java/lang/NoSuchMethodError'{0x000000043f29d2f0}: 'int java.lang.invoke.Invokers$Holder.invokeExact_MT(java.lang.Object, java.lang.Object)'> (0x000000043f29d2f0) 
thrown [s\open\src\hotspot\share\interpreter\linkResolver.cpp, line 773]
Event: 0.437 Thread 0x000001def32d9de0 Implicit null exception at 0x000001de935423c2 to 0x000001de93542840
Event: 0.442 Thread 0x000001deaf6a7460 Exception <a 'java/lang/NoSuchMethodError'{0x000000043f1e1138}: 'long java.lang.invoke.DirectMethodHandle$Holder.invokeSpecial(java.lang.Object, java.lang.Object)'> (0x000000043f1e1138) 
thrown [s\open\src\hotspot\share\interpreter\linkResolver.cpp, line 773]
Event: 0.442 Thread 0x000001deaf6a7460 Exception <a 'java/lang/NoSuchMethodError'{0x000000043f1e4810}: 'long java.lang.invoke.Invokers$Holder.invokeExact_MT(java.lang.Object, java.lang.Object)'> (0x000000043f1e4810) 
thrown [s\open\src\hotspot\share\interpreter\linkResolver.cpp, line 773]
Event: 0.448 Thread 0x000001def3732080 Exception <a 'java/lang/NoSuchMethodError'{0x000000043fbdf940}: 'void java.lang.invoke.DirectMethodHandle$Holder.invokeVirtual(java.lang.Object, java.lang.Object)'> (0x000000043fbdf940) 
thrown [s\open\src\hotspot\share\interpreter\linkResolver.cpp, line 773]
Event: 0.471 Thread 0x000001def32d9de0 Exception <a 'java/lang/NoSuchMethodError'{0x000000043f2c7b60}: 'void java.lang.invoke.DirectMethodHandle$Holder.invokeStaticInit(java.lang.Object)'> (0x000000043f2c7b60) 
thrown [s\open\src\hotspot\share\interpreter\linkResolver.cpp, line 773]
Event: 0.483 Thread 0x000001defc68b230 Exception <a 'java/lang/NoSuchMethodError'{0x000000043f62b358}: static [B.<clinit>()V> (0x000000043f62b358) 
thrown [s\open\src\hotspot\share\prims\jni.cpp, line 1111]
Event: 0.485 Thread 0x000001defc68b230 Exception <a 'java/lang/NoSuchMethodError'{0x000000043f62f390}: 'java.lang.Object java.lang.invoke.DirectMethodHandle$Holder.invokeInterface(java.lang.Object, java.lang.Object, java.lang.Object)'> (0x000000043f62f390) 
thrown [s\open\src\hotspot\share\interpreter\linkResolver.cpp, line 773]
Event: 0.492 Thread 0x000001defc68b230 Exception <a 'java/lang/ClassNotFoundException'{0x000000043f654438}: javax/management/remote/rmi/RMIConnectionImpl_Skel> (0x000000043f654438) 
thrown [s\open\src\hotspot\share\classfile\systemDictionary.cpp, line 312]
Event: 0.493 Thread 0x000001defc681670 Exception <a 'java/lang/NoSuchMethodError'{0x000000043e82b8d8}: 'java.lang.Object java.lang.invoke.Invokers$Holder.linkToTargetMethod(java.lang.Object, long, java.lang.Object)'> (0x000000043e82b8d8) 
thrown [s\open\src\hotspot\share\interpreter\linkResolver.cpp, line 773]
Event: 0.498 Thread 0x000001defc68b230 Exception <a 'java/lang/NoSuchMethodError'{0x000000043f676498}: 'java.lang.Object java.lang.invoke.DirectMethodHandle$Holder.invokeInterface(java.lang.Object, java.lang.Object)'> (0x000000043f676498) 
thrown [s\open\src\hotspot\share\interpreter\linkResolver.cpp, line 773]
Event: 0.503 Thread 0x000001defc68b230 Exception <a 'java/lang/NoSuchMethodError'{0x000000043f69fd88}: 'int java.lang.invoke.DelegatingMethodHandle$Holder.reinvoke_L(java.lang.Object, java.lang.Object, java.lang.Object, java.lang.Object, java.lang.Object)'> (0x000000043f69fd88) 
thrown [s\open\src\hotspot\share\interpreter\linkResolver.cpp, line 773]
Event: 0.507 Thread 0x000001defc68b230 Exception <a 'java/lang/NoSuchMethodError'{0x000000043e8f8d70}: 'java.lang.Object java.lang.invoke.DirectMethodHandle$Holder.invokeInterface(java.lang.Object, java.lang.Object, java.lang.Object, java.lang.Object, java.lang.Object)'> (0x000000043e8f8d70) 
thrown [s\open\src\hotspot\share\interpreter\linkResolver.cpp, line 773]
Event: 0.512 Thread 0x000001defc68b230 Exception <a 'java/lang/NoSuchMethodError'{0x000000043e91c150}: 'double java.lang.invoke.DirectMethodHandle$Holder.invokeInterface(java.lang.Object, java.lang.Object)'> (0x000000043e91c150) 
thrown [s\open\src\hotspot\share\interpreter\linkResolver.cpp, line 773]
Event: 0.513 Thread 0x000001defc68b230 Exception <a 'java/lang/NoSuchMethodError'{0x000000043e9238e0}: 'double java.lang.invoke.DelegatingMethodHandle$Holder.reinvoke_L(java.lang.Object, java.lang.Object)'> (0x000000043e9238e0) 
thrown [s\open\src\hotspot\share\interpreter\linkResolver.cpp, line 773]
Event: 1.070 Thread 0x000001defc68b230 Exception <a 'java/lang/NoSuchMethodError'{0x000000043e9411a0}: 'long java.lang.invoke.DirectMethodHandle$Holder.invokeVirtual(java.lang.Object, java.lang.Object)'> (0x000000043e9411a0) 
thrown [s\open\src\hotspot\share\interpreter\linkResolver.cpp, line 773]
Event: 1.071 Thread 0x000001defc68b230 Exception <a 'java/lang/NoSuchMethodError'{0x000000043e944730}: 'long java.lang.invoke.DelegatingMethodHandle$Holder.reinvoke_L(java.lang.Object, java.lang.Object)'> (0x000000043e944730) 
thrown [s\open\src\hotspot\share\interpreter\linkResolver.cpp, line 773]

ZGC Phase Switch (0 events):
No events

VM Operations (20 events):
Event: 313.532 Executing VM operation: Cleanup
Event: 313.532 Executing VM operation: Cleanup done
Event: 317.551 Executing VM operation: Cleanup
Event: 317.551 Executing VM operation: Cleanup done
Event: 318.558 Executing VM operation: Cleanup
Event: 318.558 Executing VM operation: Cleanup done
Event: 353.795 Executing VM operation: Cleanup
Event: 353.795 Executing VM operation: Cleanup done
Event: 360.551 Executing VM operation: HandshakeAllThreads (HandshakeForDeflation)
Event: 360.551 Executing VM operation: HandshakeAllThreads (HandshakeForDeflation) done
Event: 360.551 Executing VM operation: Cleanup
Event: 360.551 Executing VM operation: Cleanup done
Event: 360.551 Executing VM operation: RendezvousGCThreads
Event: 360.551 Executing VM operation: RendezvousGCThreads done
Event: 420.604 Executing VM operation: HandshakeAllThreads (HandshakeForDeflation)
Event: 420.604 Executing VM operation: HandshakeAllThreads (HandshakeForDeflation) done
Event: 420.604 Executing VM operation: RendezvousGCThreads
Event: 420.604 Executing VM operation: RendezvousGCThreads done
Event: 433.690 Executing VM operation: Cleanup
Event: 433.690 Executing VM operation: Cleanup done

Events (20 events):
Event: 0.147 Thread 0x000001def32d9de0 Thread added: 0x000001def32d9de0
Event: 0.147 Thread 0x000001de81d75200 Thread exited: 0x000001de81d75200
Event: 0.147 Thread 0x000001de81d75200 Thread added: 0x000001de81d75200
Event: 0.189 Thread 0x000001def338e650 Thread added: 0x000001def338e650
Event: 0.191 Thread 0x000001def339ddb0 Thread added: 0x000001def339ddb0
Event: 0.203 Thread 0x000001def378e090 Thread added: 0x000001def378e090
Event: 0.204 Thread 0x000001def387c620 Thread added: 0x000001def387c620
Event: 0.205 Thread 0x000001def3732080 Thread added: 0x000001def3732080
Event: 0.440 Thread 0x000001defcc62350 Thread added: 0x000001defcc62350
Event: 0.446 Thread 0x000001defc881950 Thread added: 0x000001defc881950
Event: 0.459 Thread 0x000001defc68b230 Thread added: 0x000001defc68b230
Event: 0.482 Thread 0x000001defc683740 Thread added: 0x000001defc683740
Event: 0.490 Thread 0x000001defc681670 Thread added: 0x000001defc681670
Event: 0.537 Thread 0x000001defc681d00 Thread added: 0x000001defc681d00
Event: 0.545 Thread 0x000001defc680fe0 Thread added: 0x000001defc680fe0
Event: 0.662 Thread 0x000001def339ddb0 Thread exited: 0x000001def339ddb0
Event: 0.662 Thread 0x000001def338e650 Thread exited: 0x000001def338e650
Event: 0.669 Thread 0x000001defc682a20 Thread added: 0x000001defc682a20
Event: 120.505 Thread 0x000001defc6802c0 Thread added: 0x000001defc6802c0
Event: 195.510 Thread 0x000001defc6802c0 Thread exited: 0x000001defc6802c0


Dynamic libraries:
0x00007ff7a0810000 - 0x00007ff7a0820000 	C:\Program Files\Java\jdk-21\bin\java.exe
0x00007ffe0deb0000 - 0x00007ffe0e0a5000 	C:\WINDOWS\SYSTEM32\ntdll.dll
0x00007ffe0d880000 - 0x00007ffe0d93d000 	C:\WINDOWS\System32\KERNEL32.DLL
0x00007ffe0b5e0000 - 0x00007ffe0b8a9000 	C:\WINDOWS\System32\KERNELBASE.dll
0x00007ffe0bc20000 - 0x00007ffe0bd20000 	C:\WINDOWS\System32\ucrtbase.dll
0x00007ffe033a0000 - 0x00007ffe033bb000 	C:\Program Files\Java\jdk-21\bin\VCRUNTIME140.dll
0x00007ffe070f0000 - 0x00007ffe07109000 	C:\Program Files\Java\jdk-21\bin\jli.dll
0x00007ffe0d210000 - 0x00007ffe0d2bc000 	C:\WINDOWS\System32\ADVAPI32.dll
0x00007ffe0d5e0000 - 0x00007ffe0d67e000 	C:\WINDOWS\System32\msvcrt.dll
0x00007ffe0d130000 - 0x00007ffe0d1cb000 	C:\WINDOWS\System32\sechost.dll
0x00007ffe0d390000 - 0x00007ffe0d4ba000 	C:\WINDOWS\System32\RPCRT4.dll
0x00007ffe0d680000 - 0x00007ffe0d820000 	C:\WINDOWS\System32\USER32.dll
0x00007ffe0b8b0000 - 0x00007ffe0b8d2000 	C:\WINDOWS\System32\win32u.dll
0x00007ffded3c0000 - 0x00007ffded65a000 	C:\WINDOWS\WinSxS\amd64_microsoft.windows.common-controls_6595b64144ccf1df_6.0.19041.1110_none_60b5254171f9507e\COMCTL32.dll
0x00007ffe0d1d0000 - 0x00007ffe0d1fa000 	C:\WINDOWS\System32\GDI32.dll
0x00007ffe0bb10000 - 0x00007ffe0bc1b000 	C:\WINDOWS\System32\gdi32full.dll
0x00007ffe0b910000 - 0x00007ffe0b9ad000 	C:\WINDOWS\System32\msvcp_win.dll
0x00007ffe05860000 - 0x00007ffe0586a000 	C:\WINDOWS\SYSTEM32\VERSION.dll
0x00007ffe0d9a0000 - 0x00007ffe0d9d0000 	C:\WINDOWS\System32\IMM32.DLL
0x00007ffe070a0000 - 0x00007ffe070ac000 	C:\Program Files\Java\jdk-21\bin\vcruntime140_1.dll
0x00007ffdc6810000 - 0x00007ffdc689e000 	C:\Program Files\Java\jdk-21\bin\msvcp140.dll
0x00007ffdb3470000 - 0x00007ffdb4188000 	C:\Program Files\Java\jdk-21\bin\server\jvm.dll
0x00007ffe0d4c0000 - 0x00007ffe0d52b000 	C:\WINDOWS\System32\WS2_32.dll
0x00007ffe0ab70000 - 0x00007ffe0abbb000 	C:\WINDOWS\SYSTEM32\POWRPROF.dll
0x00007ffdfe620000 - 0x00007ffdfe647000 	C:\WINDOWS\SYSTEM32\WINMM.dll
0x00007ffe0a9e0000 - 0x00007ffe0a9f2000 	C:\WINDOWS\SYSTEM32\UMPDC.dll
0x00007ffe094d0000 - 0x00007ffe094e2000 	C:\WINDOWS\SYSTEM32\kernel.appcore.dll
0x00007ffe02bc0000 - 0x00007ffe02bca000 	C:\Program Files\Java\jdk-21\bin\jimage.dll
0x00007ffdf2dd0000 - 0x00007ffdf2fb4000 	C:\WINDOWS\SYSTEM32\DBGHELP.DLL
0x00007ffdf2860000 - 0x00007ffdf288c000 	C:\WINDOWS\SYSTEM32\dbgcore.DLL
0x00007ffe0be20000 - 0x00007ffe0bea3000 	C:\WINDOWS\System32\bcryptPrimitives.dll
0x00007ffe02bb0000 - 0x00007ffe02bbf000 	C:\Program Files\Java\jdk-21\bin\instrument.dll
0x00007ffdfd310000 - 0x00007ffdfd32f000 	C:\Program Files\Java\jdk-21\bin\java.dll
0x00007ffe0c990000 - 0x00007ffe0d0cf000 	C:\WINDOWS\System32\SHELL32.dll
0x00007ffe096d0000 - 0x00007ffe09e60000 	C:\WINDOWS\SYSTEM32\windows.storage.dll
0x00007ffe0da90000 - 0x00007ffe0dde5000 	C:\WINDOWS\System32\combase.dll
0x00007ffe0b040000 - 0x00007ffe0b06c000 	C:\WINDOWS\SYSTEM32\Wldp.dll
0x00007ffe0d530000 - 0x00007ffe0d5de000 	C:\WINDOWS\System32\SHCORE.dll
0x00007ffe0c030000 - 0x00007ffe0c085000 	C:\WINDOWS\System32\shlwapi.dll
0x00007ffe0b520000 - 0x00007ffe0b53f000 	C:\WINDOWS\SYSTEM32\profapi.dll
0x00007ffdc3d70000 - 0x00007ffdc3e47000 	C:\Program Files\Java\jdk-21\bin\jsvml.dll
0x00007ffde8840000 - 0x00007ffde8858000 	C:\Program Files\Java\jdk-21\bin\zip.dll
0x00007ffdfa0e0000 - 0x00007ffdfa0f0000 	C:\Program Files\Java\jdk-21\bin\net.dll
0x00007ffe06170000 - 0x00007ffe06278000 	C:\WINDOWS\SYSTEM32\WINHTTP.dll
0x00007ffe0ad50000 - 0x00007ffe0adba000 	C:\WINDOWS\system32\mswsock.dll
0x00007ffdf31f0000 - 0x00007ffdf3206000 	C:\Program Files\Java\jdk-21\bin\nio.dll
0x00007ffde08f0000 - 0x00007ffde090a000 	G:\Programs\CODE\Intellij2024.3\intellij2024\bin\breakgen64.dll
0x00007ffdf32b0000 - 0x00007ffdf32b9000 	C:\Program Files\Java\jdk-21\bin\extnet.dll
0x00007ffdc3ad0000 - 0x00007ffdc3c5f000 	C:\Program Files\Java\jdk-21\bin\awt.dll
0x00007ffe0d2c0000 - 0x00007ffe0d38d000 	C:\WINDOWS\System32\OLEAUT32.dll
0x00007ffe08e40000 - 0x00007ffe08ed0000 	C:\WINDOWS\SYSTEM32\apphelp.dll
0x00007ffe092c0000 - 0x00007ffe092ef000 	C:\WINDOWS\system32\DWMAPI.DLL
0x00007ffe08ff0000 - 0x00007ffe0908e000 	C:\WINDOWS\system32\uxtheme.dll
0x00007ffdc2cd0000 - 0x00007ffdc2df5000 	C:\WINDOWS\system32\opengl32.dll
0x00007ffdfa040000 - 0x00007ffdfa06c000 	C:\WINDOWS\SYSTEM32\GLU32.dll
0x00007ffe0aa40000 - 0x00007ffe0ab0c000 	C:\WINDOWS\SYSTEM32\DNSAPI.dll
0x00007ffe0aa00000 - 0x00007ffe0aa3b000 	C:\WINDOWS\SYSTEM32\IPHLPAPI.DLL
0x00007ffe0c090000 - 0x00007ffe0c098000 	C:\WINDOWS\System32\NSI.dll
0x00007ffe046f0000 - 0x00007ffe046fa000 	C:\Windows\System32\rasadhlp.dll
0x00007ffe0bf10000 - 0x00007ffe0c025000 	C:\WINDOWS\System32\MSCTF.dll
0x00007ffdfd5a0000 - 0x00007ffdfd61f000 	C:\WINDOWS\System32\fwpuclnt.dll
0x00007ffe0b8e0000 - 0x00007ffe0b907000 	C:\WINDOWS\System32\bcrypt.dll
0x00007ffdeeec0000 - 0x00007ffdeefdc000 	C:\WINDOWS\system32\rlls64.dll
0x00007ffe0da80000 - 0x00007ffe0da88000 	C:\WINDOWS\System32\PSAPI.DLL
0x00007ffe0c0a0000 - 0x00007ffe0c1ca000 	C:\WINDOWS\System32\ole32.dll
0x00007ffdeee50000 - 0x00007ffdeeeb6000 	C:\WINDOWS\system32\OLEACC.dll
0x00007ffdeefe0000 - 0x00007ffdef4b3000 	C:\WINDOWS\system32\WININET.dll
0x00007ffe0a2a0000 - 0x00007ffe0a2d3000 	C:\WINDOWS\SYSTEM32\ntmarta.dll
0x00007ffdf3220000 - 0x00007ffdf322a000 	C:\Program Files\Java\jdk-21\bin\management.dll
0x00007ffe0a590000 - 0x00007ffe0a621000 	C:\WINDOWS\SYSTEM32\Schannel.dll
0x00007ffe0b4a0000 - 0x00007ffe0b4d1000 	C:\WINDOWS\SYSTEM32\SSPICLI.DLL
0x00007ffdf3190000 - 0x00007ffdf319b000 	C:\Program Files\Java\jdk-21\bin\management_ext.dll
0x00007ffe01d50000 - 0x00007ffe01f1e000 	C:\WINDOWS\system32\d3d9.dll
0x00007ffe02520000 - 0x00007ffe02622000 	C:\WINDOWS\System32\DriverStore\FileRepository\nv_dispi.inf_amd64_60daf66a00f2e0b6\nvldumdx.dll
0x00007ffe0b1c0000 - 0x00007ffe0b1d2000 	C:\WINDOWS\SYSTEM32\msasn1.dll
0x00007ffe055f0000 - 0x00007ffe05621000 	C:\WINDOWS\SYSTEM32\cryptnet.dll
0x00007ffe0b9b0000 - 0x00007ffe0bb0f000 	C:\WINDOWS\System32\CRYPT32.dll
0x00007ffe0af20000 - 0x00007ffe0af2c000 	C:\WINDOWS\SYSTEM32\cryptbase.dll
0x00007ffe0beb0000 - 0x00007ffe0bf10000 	C:\WINDOWS\System32\WINTRUST.DLL
0x00007ffe0d9d0000 - 0x00007ffe0d9ed000 	C:\WINDOWS\System32\imagehlp.dll
0x00007ffe0af00000 - 0x00007ffe0af18000 	C:\WINDOWS\SYSTEM32\CRYPTSP.dll
0x00007ffe0a670000 - 0x00007ffe0a6a4000 	C:\WINDOWS\system32\rsaenh.dll
0x00007ffdc8fb0000 - 0x00007ffdca9cb000 	C:\WINDOWS\System32\DriverStore\FileRepository\nv_dispi.inf_amd64_60daf66a00f2e0b6\nvd3dumx.dll
0x00007ffe09e70000 - 0x00007ffe09e93000 	C:\WINDOWS\SYSTEM32\gpapi.dll
0x00007ffe02ae0000 - 0x00007ffe02b1b000 	C:\WINDOWS\SYSTEM32\dxcore.dll
0x00007ffe0bd20000 - 0x00007ffe0bd6e000 	C:\WINDOWS\System32\cfgmgr32.dll
0x00007ffe0b4e0000 - 0x00007ffe0b50e000 	C:\WINDOWS\SYSTEM32\USERENV.dll
0x00007ffdfb550000 - 0x00007ffdfb567000 	C:\WINDOWS\system32\napinsp.dll
0x00007ffdfb530000 - 0x00007ffdfb54b000 	C:\WINDOWS\system32\pnrpnsp.dll
0x00007ffdfb510000 - 0x00007ffdfb525000 	C:\WINDOWS\system32\wshbth.dll
0x00007ffe06ef0000 - 0x00007ffe06f0d000 	C:\WINDOWS\system32\NLAapi.dll
0x00007ffdfb4f0000 - 0x00007ffdfb502000 	C:\WINDOWS\System32\winrnr.dll
0x00007ffdc59e0000 - 0x00007ffdc5a67000 	C:\Program Files\Java\jdk-21\bin\freetype.dll
0x00007ffdbea40000 - 0x00007ffdbeb21000 	C:\Program Files\Java\jdk-21\bin\fontmanager.dll
0x00007ffe02790000 - 0x00007ffe02889000 	C:\WINDOWS\SYSTEM32\textinputframework.dll
0x00007ffe087b0000 - 0x00007ffe08b0e000 	C:\WINDOWS\System32\CoreUIComponents.dll
0x00007ffe08b10000 - 0x00007ffe08c02000 	C:\WINDOWS\System32\CoreMessaging.dll
0x00007ffe080e0000 - 0x00007ffe08234000 	C:\WINDOWS\SYSTEM32\wintypes.dll
0x00007ffdfa520000 - 0x00007ffdfa574000 	C:\WINDOWS\SYSTEM32\pdh.dll
0x00007ffdde920000 - 0x00007ffdde932000 	C:\Program Files\Java\jdk-21\bin\jsound.dll
0x00007ffdf3a50000 - 0x00007ffdf3aec000 	C:\WINDOWS\SYSTEM32\DSOUND.dll
0x00007ffdf04b0000 - 0x00007ffdf04d6000 	C:\WINDOWS\SYSTEM32\winmmbase.dll
0x00007ffe0c1d0000 - 0x00007ffe0c279000 	C:\WINDOWS\System32\clbcatq.dll
0x00007ffe05360000 - 0x00007ffe053e5000 	C:\WINDOWS\System32\MMDevApi.dll
0x00007ffe0b3a0000 - 0x00007ffe0b3d4000 	C:\WINDOWS\System32\DEVOBJ.dll
0x00007ffdf6550000 - 0x00007ffdf6596000 	C:\WINDOWS\SYSTEM32\wdmaud.drv
0x00007ffe06bc0000 - 0x00007ffe06bc9000 	C:\WINDOWS\SYSTEM32\ksuser.dll
0x00007ffe05f90000 - 0x00007ffe05f9a000 	C:\WINDOWS\SYSTEM32\AVRT.dll
0x00007ffe05460000 - 0x00007ffe055e1000 	C:\WINDOWS\SYSTEM32\AUDIOSES.DLL
0x00007ffe07140000 - 0x00007ffe0714d000 	C:\WINDOWS\SYSTEM32\msacm32.drv
0x00007ffe07000000 - 0x00007ffe0701e000 	C:\WINDOWS\SYSTEM32\MSACM32.dll
0x00007ffe07130000 - 0x00007ffe0713b000 	C:\WINDOWS\SYSTEM32\midimap.dll
0x00007ffe090e0000 - 0x00007ffe090f4000 	C:\WINDOWS\SYSTEM32\resourcepolicyclient.dll
0x00007ffe02890000 - 0x00007ffe029d1000 	C:\Windows\System32\Windows.UI.dll
0x00007ffe05870000 - 0x00007ffe05911000 	C:\Windows\System32\WindowManagementAPI.dll
0x00007ffe02630000 - 0x00007ffe02782000 	C:\Windows\System32\InputHost.dll
0x00007ffe05650000 - 0x00007ffe05851000 	C:\WINDOWS\SYSTEM32\twinapi.appcore.dll
0x00007ffe07190000 - 0x00007ffe07286000 	C:\Windows\System32\PROPSYS.dll
0x00007ffdde130000 - 0x00007ffdde13f000 	C:\WINDOWS\System32\perfproc.dll

dbghelp: loaded successfully - version: 4.0.5 - missing functions: none
symbol engine: initialized successfully - sym options: 0x614 - pdb path: .;C:\Program Files\Java\jdk-21\bin;C:\WINDOWS\SYSTEM32;C:\WINDOWS\WinSxS\amd64_microsoft.windows.common-controls_6595b64144ccf1df_6.0.19041.1110_none_60b5254171f9507e;C:\Program Files\Java\jdk-21\bin\server;G:\Programs\CODE\Intellij2024.3\intellij2024\bin;C:\WINDOWS\System32\DriverStore\FileRepository\nv_dispi.inf_amd64_60daf66a00f2e0b6

VM Arguments:
jvm_args: -javaagent:G:\Programs\CODE\Intellij2024.3\intellij2024\lib\idea_rt.jar=53469:G:\Programs\CODE\Intellij2024.3\intellij2024\bin -Dfile.encoding=UTF-8 -Dsun.stdout.encoding=UTF-8 -Dsun.stderr.encoding=UTF-8 
java_command: org.example.Main
java_class_path (initial): G:\Programs\CODE\JAVA\JavaCodes\Keyano\Keyano\target\classes
Launcher Type: SUN_STANDARD

[Global flags]
     intx CICompilerCount                          = 4                                         {product} {ergonomic}
     uint ConcGCThreads                            = 2                                         {product} {ergonomic}
     uint G1ConcRefinementThreads                  = 8                                         {product} {ergonomic}
   size_t G1HeapRegionSize                         = 8388608                                   {product} {ergonomic}
    uintx GCDrainStackTargetSize                   = 64                                        {product} {ergonomic}
   size_t InitialHeapSize                          = 1073741824                                {product} {ergonomic}
   size_t MarkStackSize                            = 4194304                                   {product} {ergonomic}
   size_t MaxHeapSize                              = 17171480576                               {product} {ergonomic}
   size_t MaxNewSize                               = 10301210624                               {product} {ergonomic}
   size_t MinHeapDeltaBytes                        = 8388608                                   {product} {ergonomic}
   size_t MinHeapSize                              = 8388608                                   {product} {ergonomic}
    uintx NonNMethodCodeHeapSize                   = 5839372                                {pd product} {ergonomic}
    uintx NonProfiledCodeHeapSize                  = 122909434                              {pd product} {ergonomic}
    uintx ProfiledCodeHeapSize                     = 122909434                              {pd product} {ergonomic}
    uintx ReservedCodeCacheSize                    = 251658240                              {pd product} {ergonomic}
     bool SegmentedCodeCache                       = true                                      {product} {ergonomic}
   size_t SoftMaxHeapSize                          = 17171480576                            {manageable} {ergonomic}
     bool UseCompressedOops                        = true                           {product lp64_product} {ergonomic}
     bool UseG1GC                                  = true                                      {product} {ergonomic}
     bool UseLargePagesIndividualAllocation        = false                                  {pd product} {ergonomic}

Logging:
Log output configuration:
 #0: stdout all=warning uptime,level,tags foldmultilines=false
 #1: stderr all=off uptime,level,tags foldmultilines=false

Environment Variables:
PATH=C:\Program Files\ImageMagick-7.1.1-Q16-HDRI;C:\Program Files\Common Files\Oracle\Java\javapath;C:\Program Files (x86)\Common Files\Oracle\Java\javapath;C:\Inprise\vbroker\bin;C:\Program Files\dotnet\;G:\Programs\GIT\cmd;G:\Programs\CODE\PYTHON\PYTHON;G:\Programs\CODE\PYTHON\PYTHON\Scripts;C:\Program Files (x86)\Windows Kits\10\bin\10.0.19041.0\x64\;C:\Program Files\OpenSSL-Win64\bin;C:\Program Files\WindowsPowerShell\Scripts;C:\Windows\System32\wbem;C:\Program Files\ImageMagick-7.1.1-Q16-HDRI;C:\Program Files\Common Files\Oracle\Java\javapath;C:\Program Files (x86)\Common Files\Oracle\Java\javapath;C:\Inprise\vbroker\bin;C:\Program Files\dotnet\;G:\Programs\GIT\cmd;G:\Programs\CODE\PYTHON\PYTHON;G:\Programs\CODE\PYTHON\PYTHON\Scripts;C:\Program Files (x86)\Windows Kits\10\bin\10.0.19041.0\x64\;C:\Program Files\OpenSSL-Win64\bin;;C:\Program Files\WindowsPowerShell\Scripts;C:\Users\user\AppData\Local\Programs\Python\Python311\Scripts\;C:\Users\user\AppData\Local\Programs\Python\Python311\;C:\Program Files\Apache\maven\apache-maven-3.9.9\bin;C:\Windows\System32\;C:\Users\user;C:\Windows\System32\WindowsPowerShell\v1.0\;G:\Programs\CODE\Intellij2024.3\intellij2024\bin;C:\Users\user\.dotnet\tools;C:\Users\user\AppData\Local\Microsoft\WindowsApps;C:\Users\user\.dotnet\tools;C:\Users\user\AppData\Local\Android\Sdk\platform-tools
USERNAME=user
OS=Windows_NT
PROCESSOR_IDENTIFIER=Intel64 Family 6 Model 158 Stepping 9, GenuineIntel
TMP=C:\Users\user\AppData\Local\Temp
TEMP=C:\Users\user\AppData\Local\Temp




Periodic native trim disabled

---------------  S Y S T E M  ---------------

OS:
 Windows 10 , 64 bit Build 19041 (10.0.19041.1151)
OS uptime: 32 days 11:39 hours
Hyper-V role detected

CPU: total 8 (initial active 8) (4 cores per cpu, 2 threads per core) family 6 model 158 stepping 9 microcode 0xde, cx8, cmov, fxsr, ht, mmx, 3dnowpref, sse, sse2, sse3, ssse3, sse4.1, sse4.2, popcnt, lzcnt, tsc, tscinvbit, avx, avx2, aes, erms, clmul, bmi1, bmi2, rtm, adx, fma, vzeroupper, clflush, clflushopt, hv, rdtscp, f16c
Processor Information for all 8 processors :
  Max Mhz: 4201, Current Mhz: 4201, Mhz Limit: 4201

Memory: 4k page, system-wide physical 65473M (22344M free)
TotalPageFile size 75140M (AvailPageFile size 5M)
current process WorkingSet (physical memory assigned to process): 148M, peak: 170M
current process commit charge ("private bytes"): 1177M, peak: 1205M

vm_info: Java HotSpot(TM) 64-Bit Server VM (21.0.5+9-LTS-239) for windows-amd64 JRE (21.0.5+9-LTS-239), built on 2024-09-30T05:17:38Z by "mach5one" with MS VC++ 17.6 (VS2022)

END.
