#
# There is insufficient memory for the Java Runtime Environment to continue.
# Native memory allocation (mmap) failed to map 1073741824 bytes for G1 virtual space
# Possible reasons:
#   The system is out of physical RAM or swap space
#   The process is running with CompressedOops enabled, and the Java Heap may be blocking the growth of the native heap
# Possible solutions:
#   Reduce memory load on the system
#   Increase physical memory or swap space
#   Check if swap backing store is full
#   Decrease Java heap size (-Xmx/-Xms)
#   Decrease number of Java threads
#   Decrease Java thread stack sizes (-Xss)
#   Set larger code cache with -XX:ReservedCodeCacheSize=
#   JVM is running with Zero Based Compressed Oops mode in which the Java heap is
#     placed in the first 32GB address space. The Java Heap base address is the
#     maximum limit for the native heap growth. Please use -XX:HeapBaseMinAddress
#     to set the Java Heap base and to place the Java Heap above 32GB virtual address.
# This output file may be truncated or incomplete.
#
#  Out of Memory Error (os_windows.cpp:3600), pid=39188, tid=28944
#
# JRE version:  (21.0.5+9) (build )
# Java VM: Java HotSpot(TM) 64-Bit Server VM (21.0.5+9-LTS-239, mixed mode, sharing, tiered, compressed oops, compressed class ptrs, g1 gc, windows-amd64)
# No core dump will be written. Minidumps are not enabled by default on client versions of Windows
#

---------------  S U M M A R Y ------------

Command Line: -javaagent:G:\Programs\CODE\Intellij2024.3\intellij2024\lib\idea_rt.jar=53127:G:\Programs\CODE\Intellij2024.3\intellij2024\bin -Dfile.encoding=UTF-8 -Dsun.stdout.encoding=UTF-8 -Dsun.stderr.encoding=UTF-8 org.example.Main

Host: Intel(R) Core(TM) i7-7700K CPU @ 4.20GHz, 8 cores, 63G,  Windows 10 , 64 bit Build 19041 (10.0.19041.1151)
Time: Thu Apr  3 23:50:39 2025  Windows 10 , 64 bit Build 19041 (10.0.19041.1151) elapsed time: 0.008581 seconds (0d 0h 0m 0s)

---------------  T H R E A D  ---------------

Current thread (0x000001d37e5f2d80):  JavaThread "Unknown thread" [_thread_in_vm, id=28944, stack(0x000000c9d2400000,0x000000c9d2500000) (1024K)]

Stack: [0x000000c9d2400000,0x000000c9d2500000]
Native frames: (J=compiled Java code, j=interpreted, Vv=VM code, C=native code)
V  [jvm.dll+0x6ca289]
V  [jvm.dll+0x854a51]
V  [jvm.dll+0x856f7e]
V  [jvm.dll+0x857653]
V  [jvm.dll+0x27dd26]
V  [jvm.dll+0x6c6a25]
V  [jvm.dll+0x6bb5aa]
V  [jvm.dll+0x35359a]
V  [jvm.dll+0x35b1f6]
V  [jvm.dll+0x3adade]
V  [jvm.dll+0x3add88]
V  [jvm.dll+0x3278fc]
V  [jvm.dll+0x32845b]
V  [jvm.dll+0x81de19]
V  [jvm.dll+0x3ba7c1]
V  [jvm.dll+0x807168]
V  [jvm.dll+0x44f96e]
V  [jvm.dll+0x451561]
C  [jli.dll+0x52a3]
C  [ucrtbase.dll+0x21bb2]
C  [KERNEL32.DLL+0x17034]
C  [ntdll.dll+0x52651]


---------------  P R O C E S S  ---------------

Threads class SMR info:
_java_thread_list=0x00007ffd825bac08, length=0, elements={
}

Java Threads: ( => current thread )
Total: 0

Other Threads:
  0x000001d32bdf0010 WorkerThread "GC Thread#0"                     [id=44052, stack(0x000000c9d2500000,0x000000c9d2600000) (1024K)]
  0x000001d37e6ad380 ConcurrentGCThread "G1 Main Marker"            [id=20136, stack(0x000000c9d2600000,0x000000c9d2700000) (1024K)]
  0x000001d37e6ae620 WorkerThread "G1 Conc#0"                       [id=37492, stack(0x000000c9d2700000,0x000000c9d2800000) (1024K)]

[error occurred during error reporting (printing all threads), id 0xc0000005, EXCEPTION_ACCESS_VIOLATION (0xc0000005) at pc=0x00007ffd81d2a087]
VM state: not at safepoint (not fully initialized)

VM Mutex/Monitor currently owned by a thread:  ([mutex/lock_event])
[0x00007ffd8262bf98] Heap_lock - owner thread: 0x000001d37e5f2d80

Heap address: 0x0000000400800000, size: 16376 MB, Compressed Oops mode: Zero based, Oop shift amount: 3

CDS archive(s) mapped at: [0x0000000000000000-0x0000000000000000-0x0000000000000000), size 0, SharedBaseAddress: 0x0000000800000000, ArchiveRelocationMode: 1.
Narrow klass base: 0x0000000000000000, Narrow klass shift: 0, Narrow klass range: 0x0

GC Precious Log:
 CardTable entry size: 512
 Card Set container configuration: InlinePtr #cards 4 size 8 Array Of Cards #cards 64 size 144 Howl #buckets 8 coarsen threshold 14745 Howl Bitmap #cards 2048 size 272 coarsen threshold 1843 Card regions per heap region 1 cards per card region 16384

Heap:
 garbage-first heap   total 0K, used 0K [0x0000000400800000, 0x0000000800000000)
  region size 8192K, 0 young (0K), 0 survivors (0K)

[error occurred during error reporting (printing heap information), id 0xc0000005, EXCEPTION_ACCESS_VIOLATION (0xc0000005) at pc=0x00007ffd82113259]
GC Heap History (0 events):
No events

Dll operation events (1 events):
Event: 0.005 Loaded shared library C:\Program Files\Java\jdk-21\bin\java.dll

Deoptimization events (0 events):
No events

Classes loaded (0 events):
No events

Classes unloaded (0 events):
No events

Classes redefined (0 events):
No events

Internal exceptions (0 events):
No events

ZGC Phase Switch (0 events):
No events

VM Operations (0 events):
No events

Events (0 events):
No events


Dynamic libraries:
0x00007ff7a0810000 - 0x00007ff7a0820000 	C:\Program Files\Java\jdk-21\bin\java.exe
0x00007ffe0deb0000 - 0x00007ffe0e0a5000 	C:\WINDOWS\SYSTEM32\ntdll.dll
0x00007ffe0d880000 - 0x00007ffe0d93d000 	C:\WINDOWS\System32\KERNEL32.DLL
0x00007ffe0b5e0000 - 0x00007ffe0b8a9000 	C:\WINDOWS\System32\KERNELBASE.dll
0x00007ffe0bc20000 - 0x00007ffe0bd20000 	C:\WINDOWS\System32\ucrtbase.dll
0x00007ffdf31f0000 - 0x00007ffdf3209000 	C:\Program Files\Java\jdk-21\bin\jli.dll
0x00007ffdf3180000 - 0x00007ffdf319b000 	C:\Program Files\Java\jdk-21\bin\VCRUNTIME140.dll
0x00007ffe0d210000 - 0x00007ffe0d2bc000 	C:\WINDOWS\System32\ADVAPI32.dll
0x00007ffe0d5e0000 - 0x00007ffe0d67e000 	C:\WINDOWS\System32\msvcrt.dll
0x00007ffe0d130000 - 0x00007ffe0d1cb000 	C:\WINDOWS\System32\sechost.dll
0x00007ffe0d390000 - 0x00007ffe0d4ba000 	C:\WINDOWS\System32\RPCRT4.dll
0x00007ffe0d680000 - 0x00007ffe0d820000 	C:\WINDOWS\System32\USER32.dll
0x00007ffe0b8b0000 - 0x00007ffe0b8d2000 	C:\WINDOWS\System32\win32u.dll
0x00007ffded3c0000 - 0x00007ffded65a000 	C:\WINDOWS\WinSxS\amd64_microsoft.windows.common-controls_6595b64144ccf1df_6.0.19041.1110_none_60b5254171f9507e\COMCTL32.dll
0x00007ffe0d1d0000 - 0x00007ffe0d1fa000 	C:\WINDOWS\System32\GDI32.dll
0x00007ffe0bb10000 - 0x00007ffe0bc1b000 	C:\WINDOWS\System32\gdi32full.dll
0x00007ffe0b910000 - 0x00007ffe0b9ad000 	C:\WINDOWS\System32\msvcp_win.dll
0x00007ffe05860000 - 0x00007ffe0586a000 	C:\WINDOWS\SYSTEM32\VERSION.dll
0x00007ffe0d9a0000 - 0x00007ffe0d9d0000 	C:\WINDOWS\System32\IMM32.DLL
0x00007ffe072d0000 - 0x00007ffe072dc000 	C:\Program Files\Java\jdk-21\bin\vcruntime140_1.dll
0x00007ffdc6750000 - 0x00007ffdc67de000 	C:\Program Files\Java\jdk-21\bin\msvcp140.dll
0x00007ffd819f0000 - 0x00007ffd82708000 	C:\Program Files\Java\jdk-21\bin\server\jvm.dll
0x00007ffe0d4c0000 - 0x00007ffe0d52b000 	C:\WINDOWS\System32\WS2_32.dll
0x00007ffe0ab70000 - 0x00007ffe0abbb000 	C:\WINDOWS\SYSTEM32\POWRPROF.dll
0x00007ffdfe620000 - 0x00007ffdfe647000 	C:\WINDOWS\SYSTEM32\WINMM.dll
0x00007ffe0a9e0000 - 0x00007ffe0a9f2000 	C:\WINDOWS\SYSTEM32\UMPDC.dll
0x00007ffe094d0000 - 0x00007ffe094e2000 	C:\WINDOWS\SYSTEM32\kernel.appcore.dll
0x00007ffe070f0000 - 0x00007ffe070fa000 	C:\Program Files\Java\jdk-21\bin\jimage.dll
0x00007ffdf2dd0000 - 0x00007ffdf2fb4000 	C:\WINDOWS\SYSTEM32\DBGHELP.DLL
0x00007ffdf2860000 - 0x00007ffdf288c000 	C:\WINDOWS\SYSTEM32\dbgcore.DLL
0x00007ffe0be20000 - 0x00007ffe0bea3000 	C:\WINDOWS\System32\bcryptPrimitives.dll
0x00007ffe033a0000 - 0x00007ffe033af000 	C:\Program Files\Java\jdk-21\bin\instrument.dll
0x00007ffde8840000 - 0x00007ffde885f000 	C:\Program Files\Java\jdk-21\bin\java.dll

dbghelp: loaded successfully - version: 4.0.5 - missing functions: none
symbol engine: initialized successfully - sym options: 0x614 - pdb path: .;C:\Program Files\Java\jdk-21\bin;C:\WINDOWS\SYSTEM32;C:\WINDOWS\WinSxS\amd64_microsoft.windows.common-controls_6595b64144ccf1df_6.0.19041.1110_none_60b5254171f9507e;C:\Program Files\Java\jdk-21\bin\server

VM Arguments:
jvm_args: -javaagent:G:\Programs\CODE\Intellij2024.3\intellij2024\lib\idea_rt.jar=53127:G:\Programs\CODE\Intellij2024.3\intellij2024\bin -Dfile.encoding=UTF-8 -Dsun.stdout.encoding=UTF-8 -Dsun.stderr.encoding=UTF-8 
java_command: org.example.Main
java_class_path (initial): G:\Programs\CODE\JAVA\JavaCodes\Keyano\Keyano\target\classes
Launcher Type: SUN_STANDARD

[Global flags]
     intx CICompilerCount                          = 4                                         {product} {ergonomic}
     uint ConcGCThreads                            = 2                                         {product} {ergonomic}
     uint G1ConcRefinementThreads                  = 8                                         {product} {ergonomic}
   size_t G1HeapRegionSize                         = 8388608                                   {product} {ergonomic}
    uintx GCDrainStackTargetSize                   = 64                                        {product} {ergonomic}
   size_t InitialHeapSize                          = 1073741824                                {product} {ergonomic}
   size_t MarkStackSize                            = 4194304                                   {product} {ergonomic}
   size_t MaxHeapSize                              = 17171480576                               {product} {ergonomic}
   size_t MinHeapDeltaBytes                        = 8388608                                   {product} {ergonomic}
   size_t MinHeapSize                              = 8388608                                   {product} {ergonomic}
    uintx NonNMethodCodeHeapSize                   = 5839372                                {pd product} {ergonomic}
    uintx NonProfiledCodeHeapSize                  = 122909434                              {pd product} {ergonomic}
    uintx ProfiledCodeHeapSize                     = 122909434                              {pd product} {ergonomic}
    uintx ReservedCodeCacheSize                    = 251658240                              {pd product} {ergonomic}
     bool SegmentedCodeCache                       = true                                      {product} {ergonomic}
   size_t SoftMaxHeapSize                          = 17171480576                            {manageable} {ergonomic}
     bool UseCompressedOops                        = true                           {product lp64_product} {ergonomic}
     bool UseG1GC                                  = true                                      {product} {ergonomic}
     bool UseLargePagesIndividualAllocation        = false                                  {pd product} {ergonomic}

Logging:
Log output configuration:
 #0: stdout all=warning uptime,level,tags foldmultilines=false
 #1: stderr all=off uptime,level,tags foldmultilines=false

Environment Variables:
PATH=C:\Program Files\ImageMagick-7.1.1-Q16-HDRI;C:\Program Files\Common Files\Oracle\Java\javapath;C:\Program Files (x86)\Common Files\Oracle\Java\javapath;C:\Inprise\vbroker\bin;C:\Program Files\dotnet\;G:\Programs\GIT\cmd;G:\Programs\CODE\PYTHON\PYTHON;G:\Programs\CODE\PYTHON\PYTHON\Scripts;C:\Program Files (x86)\Windows Kits\10\bin\10.0.19041.0\x64\;C:\Program Files\OpenSSL-Win64\bin;;C:\Program Files\WindowsPowerShell\Scripts;C:\Users\user\AppData\Local\Programs\Python\Python311\Scripts\;C:\Users\user\AppData\Local\Programs\Python\Python311\;C:\Program Files\Apache\maven\apache-maven-3.9.9\bin;C:\Windows\System32\;C:\Users\user;C:\Windows\System32\WindowsPowerShell\v1.0\;G:\Programs\CODE\Intellij2024.3\intellij2024\bin;C:\Users\user\.dotnet\tools;C:\Users\user\AppData\Local\Microsoft\WindowsApps;C:\Users\user\.dotnet\tools;C:\Users\user\AppData\Local\Android\Sdk\platform-tools
USERNAME=user
OS=Windows_NT
PROCESSOR_IDENTIFIER=Intel64 Family 6 Model 158 Stepping 9, GenuineIntel
TMP=C:\Users\user\AppData\Local\Temp
TEMP=C:\Users\user\AppData\Local\Temp




Periodic native trim disabled

---------------  S Y S T E M  ---------------

OS:
 Windows 10 , 64 bit Build 19041 (10.0.19041.1151)
OS uptime: 31 days 5:01 hours
Hyper-V role detected

CPU: total 8 (initial active 8) (4 cores per cpu, 2 threads per core) family 6 model 158 stepping 9 microcode 0xde, cx8, cmov, fxsr, ht, mmx, 3dnowpref, sse, sse2, sse3, ssse3, sse4.1, sse4.2, popcnt, lzcnt, tsc, tscinvbit, avx, avx2, aes, erms, clmul, bmi1, bmi2, rtm, adx, fma, vzeroupper, clflush, clflushopt, hv, rdtscp, f16c
Processor Information for all 8 processors :
  Max Mhz: 4201, Current Mhz: 4201, Mhz Limit: 4201

Memory: 4k page, system-wide physical 65473M (22823M free)
TotalPageFile size 75140M (AvailPageFile size 955M)
current process WorkingSet (physical memory assigned to process): 11M, peak: 11M
current process commit charge ("private bytes"): 60M, peak: 1084M

vm_info: Java HotSpot(TM) 64-Bit Server VM (21.0.5+9-LTS-239) for windows-amd64 JRE (21.0.5+9-LTS-239), built on 2024-09-30T05:17:38Z by "mach5one" with MS VC++ 17.6 (VS2022)

END.
